[aspect-panel] target=Story US-1 (rebalance and re-provenance the authorship preference corpus) of sprint sprint-better-than-human-2026-09-05. Review the diff: run diff --git a/.github/workflows/ci.yml b/.github/workflows/ci.yml
index 28ec97a1c..03b2936da 100644
--- a/.github/workflows/ci.yml
+++ b/.github/workflows/ci.yml
@@ -958,6 +958,11 @@ jobs:
         run: |
           python3 scripts/test_blind_ab_gate.py
           python3 scripts/test_check_capability_gates.py
+      # US-1 (sprint-better-than-human-2026-09-05): hermetic, stdlib-only
+      # (no chat.db, no model, no ~/.human reads) merge-script tests, same
+      # convention as the sibling tests above.
+      - name: Preference-corpus merge tests (hermetic, stdlib-only)
+        run: python3 scripts/test_merge_seth_preference_sources.py
       # Measurement-integrity pins for the fidelity nightly. Both are hermetic
       # and stdlib-only (no mlx, no model, no ~/.human reads), so they belong on
       # this job rather than a GPU host. They guard the class where the harness
diff --git a/scripts/merge_seth_preference_sources.py b/scripts/merge_seth_preference_sources.py
new file mode 100755
index 000000000..5d803fbb6
--- /dev/null
+++ b/scripts/merge_seth_preference_sources.py
@@ -0,0 +1,577 @@
+#!/usr/bin/env python3
+"""merge_seth_preference_sources.py — merge the provenance-verified
+Seth-authored preference sources named in
+docs/plans/2026-09-02-persona-evolution/spec.md §3b into a training corpus,
+written in TWO shapes: the paired {"prompt","chosen","rejected"} shape
+(train.jsonl) that scripts/mlx_tune_train.py's own on-disk validator
+(REQUIRED_PAIR_KEYS) requires, and the KTO-shaped
+{"prompt","completion","label"} shape (train.kto.jsonl) the original design
+(sprints/sprint-better-than-human-2026-09-05/designs/US-1.md §2) produced.
+
+WHY BOTH SHAPES (critic re-open, 2026-09-05)
+---------------------------------------------
+The original design deliberately chose KTO-only because pairing a new
+chosen row with a specific rejected row would assert a prompt
+correspondence that doesn't exist between the two pools (see §2's "Rejected
+alternative"). That reasoning is still correct about GENUINE pairing — but
+scripts/mlx_tune_train.py's validate_data_dir() / _count_and_validate_jsonl()
+(REQUIRED_PAIR_KEYS = ("prompt","chosen","rejected")) validates ONLY the
+paired shape on disk; it converts to KTO examples itself, in-process, via
+to_kto_examples(). A KTO-only train.jsonl fails that validator's key check
+and can never reach the trainer. So this script now ALSO writes a paired
+train.jsonl -- an explicit, deterministic, seeded ASSIGNMENT of a rejected
+completion to each chosen row (build_paired_rows(), below), not a claim of
+genuine prompt correspondence. Where a rejected-pool row's own original
+prompt exactly matches a chosen row's rendered prompt, that (higher-fidelity)
+pairing is preferred; every other chosen row is assigned a rejected
+completion by a fixed-seed round-robin over the (fixed-seed-shuffled)
+rejected pool, so re-running this script against the same inputs reproduces
+the identical pairing. The manifest records how many rows landed in each
+bucket (`pairing.matched_on_prompt` / `pairing.round_robin`) so a reader can
+see the pairing's actual fidelity rather than assume it. train.kto.jsonl is
+kept, unchanged in shape, as the format-agnostic ground truth of "what was
+merged" independent of any pairing decision.
+
+WHY THIS SCRIPT (sprint-better-than-human-2026-09-05 US-1)
+------------------------------------------------------------
+The 86%-lowercase-start regression traced (2026-09-04) to a CHOSEN side
+that was 77.5% lowercase-start by construction (cycle-4/generated/arena
+text, not Seth's own typing). scripts/rebalance_preference_corpus.py fixes
+the CASING confound on an existing corpus, but doesn't grow the corpus's
+Seth-authored CHOSEN pool. This script does that: it merges every
+provenance-verified Seth-authored export (spec.md §3b "used"/"usable"
+rows only -- never memory.db/dpo_pairs/production_outcomes, which are
+daemon-authored) into one deduplicated KTO label=True pool, and pairs it
+with an existing corpus's REJECTED side (label=False, unpaired by design
+-- see "KTO, not paired DPO/ORPO" below) so the result can be handed to
+--match-sides unmodified.
+
+Sources (see designs/US-1.md §0 for the two corrections to stories.md's
+AC-1.1, verified against the tree rather than assumed):
+  --primary        data/imessage/training_pairs.jsonl (main checkout;
+                    gitignored, not present in a worktree checkout)
+  --extra (0+)      e.g. the 2026-07-25 eval-archive backups
+                    (imessage-corpus-backup-20260725-113543/training_pairs.jsonl,
+                    ground_truth-backup-20260725-113527.jsonl)
+  --rejected-pool   an EXISTING preference corpus's {prompt,chosen,rejected}
+                    or KTO train.jsonl -- only its `rejected` texts (with
+                    their OWN original prompts) are read; provenance is not
+                    required on this side (AC-1.2 only constrains chosen).
+
+KTO shape, not paired DPO/ORPO -- why (and why we ALSO emit paired now)
+------------------------------------------------------------------------
+None of the Seth-authored export shapes (training_pairs, ground_truth)
+carry a competing ("rejected") reply for the same context -- producing one
+would require a live model call, forbidden by AC-1.6 and
+scripts/check-no-resident-model.sh. KTO training does not require
+prompt correspondence between labels: each chosen row keeps its own real
+prompt (the training_pairs shape's preceding context messages, or the
+ground_truth shape's own `incoming` string); each reused rejected row
+keeps its own real, different prompt. scripts/rebalance_preference_corpus.py
+already accepts and exercises this shape end-to-end (including
+--match-sides) with zero changes needed here -- this remains true and
+train.kto.jsonl (below) is exactly that KTO output.
+
+But scripts/mlx_tune_train.py's on-disk validator only accepts the PAIRED
+{"prompt","chosen","rejected"} shape (see the module docstring above), so a
+KTO-only train.jsonl is dead on arrival at the trainer. train.jsonl is
+therefore written in the PAIRED shape: each chosen row is deterministically
+ASSIGNED a rejected completion (build_paired_rows()) -- preferring an exact
+prompt match against --rejected-pool's own prompts where one exists, else a
+fixed-seed round-robin -- not a claim that the assignment is a genuine
+"a human preferred X over Y for prompt P" pair. The manifest's `pairing`
+block reports how many rows fell into each bucket.
+
+Prompt type (AC-1.2 follow-up)
+--------------------------------
+extract_seth_record() returns the training_pairs shape's `prompt` as the
+raw list[{"role","content"}] context (its own real preceding turns, not a
+synthesized string) but the ground_truth shape's `incoming` as a plain
+string -- two different Python types for the same logical field. Every row
+this script WRITES normalizes `prompt` to one plain string via
+render_prompt(), matching how the existing corpus
+(~/.human/training-data/glm-v61-pref/train.jsonl) already renders
+multi-turn context: alternating "Them: "/"Seth: "-prefixed lines joined by
+"\\n" (e.g. "Them: lmaooo did you even watch that game last night\\nSeth: ha
+yeah I did..."), with a single-turn prompt left as the bare unprefixed text
+(e.g. "I've been feeling really anxious lately") -- both forms verified by
+inspecting that file's actual rows, not assumed.
+
+Provenance admission (AC-1.2)
+------------------------------
+Every chosen-side row is shape-checked against the SAME two branches
+scripts/eval_persona_evolution.py's _export_record_seth_text uses
+(mirrored here, not imported -- that symbol is private (leading
+underscore) and a sibling story this sprint, US-7, edits that file; this
+keeps the admission check independent of that edit). A row that matches
+neither shape is FATAL: refuse (exit non-zero), write nothing, name the
+file and line. Daemon-authored stores (memory.db messages/dpo_pairs,
+production_outcomes, m3-corpus.jsonl channel=memory_db rows) do not have
+`messages`+`metadata.timestamp` or `seth_reply`+`timestamp` -- they
+structurally cannot pass this check (verified against
+docs/plans/2026-09-02-persona-evolution/spec.md:129-131's schemas), so
+admission is structural, not a promise the caller has to keep.
+
+De-dup
+------
+The exact (timestamp-to-the-second, sha256(stripped text)) key from
+scripts/eval_persona_evolution.py:475-479 (dedup_key) is imported, not
+re-derived -- per that module's own convention against a second hand-rolled
+definition drifting (the 2026-07 deliberation-leak class of bug). Applied
+across all chosen sources in order primary -> extra[0] -> extra[1] -> ...
+(first-seen wins). merge_sources() itself only carries (timestamp, text)
+2-tuples and would silently drop the `prompt` a KTO row needs, so the
+merge loop here is a local variant carrying (timestamp, text, prompt)
+3-tuples -- but it reuses the same imported dedup_key and reports the
+same {"path","rows","added","duplicates"} stats shape merge_sources uses,
+verbatim.
+
+Privacy (AC-1.5)
+-----------------
+No message text is ever printed to stdout or written to manifest.json --
+only counts, paths, and dates. train.jsonl (which DOES carry real message
+text, by construction -- it is the training corpus) is written under
+--out-dir, which must be outside the repo (this script does not enforce
+the path is gitignored; the caller is responsible for pointing --out-dir
+at ~/.human/training-data/ per AC-1.5).
+
+Refuses (exit non-zero, writes nothing) when:
+  - --primary, any --extra, or --rejected-pool path does not exist/is not
+    readable;
+  - any row in --primary or an --extra file fails the two-shape
+    provenance check (FATAL, per-row, names file:line);
+  - the merged, deduplicated chosen (label=True) pool has fewer than
+    --floor rows (default 500);
+  - --rejected-pool contains zero rows with a non-empty `rejected` field.
+
+Usage:
+    scripts/merge_seth_preference_sources.py \\
+        --primary /Users/sethford/Projects/h-uman/data/imessage/training_pairs.jsonl \\
+        --extra ~/.human/logs/eval-archive/imessage-corpus-backup-20260725-113543/training_pairs.jsonl \\
+        --extra ~/.human/logs/eval-archive/ground_truth-backup-20260725-113527.jsonl \\
+        --rejected-pool ~/.human/training-data/glm-v61-pref/train.jsonl \\
+        --out-dir ~/.human/training-data/glm-v6-merged-20260905/
+
+Writes, under --out-dir:
+    train.jsonl       -- PAIRED {"prompt","chosen","rejected"} shape;
+                          scripts/mlx_tune_train.py's on-disk validator reads
+                          THIS file.
+    train.kto.jsonl   -- KTO {"prompt","completion","label"} shape; the
+                          original per-source merge output, unchanged.
+    manifest.json     -- counts, per-source provenance, pairing method +
+                          counts; never message text (AC-1.5).
+"""
+import argparse
+import datetime
+import json
+import os
+import random
+import sys
+
+sys.path.insert(0, os.path.dirname(os.path.abspath(__file__)))
+from eval_persona_evolution import dedup_key, TAPBACK_PREFIXES  # noqa: E402
+
+DEFAULT_FLOOR = 500
+
+
+# ---------------------------------------------------------------------------
+# Shape admission -- mirrors (does not import; private + touched by a
+# sibling story this sprint) eval_persona_evolution.py:438-451's two
+# accepted Seth-authored export shapes, extended to also return the row's
+# own real prompt/context.
+# ---------------------------------------------------------------------------
+
+
+def extract_seth_record(rec):
+    """Return (timestamp_iso_str, text, prompt) for one Seth-authored
+    export row, or raise ValueError if the row carries no Seth-authorship
+    provenance (this IS the AC-1.2 admission check).
+
+    - training_pairs shape: {"messages":[...], "metadata":{"timestamp":...}}
+      messages[-1] must be the assistant (Seth, is_from_me=1) turn.
+      prompt = messages[:-1] verbatim (the real preceding context, not a
+      synthesized string).
+    - ground_truth shape: {"seth_reply":..., "timestamp":..., "incoming":...}
+      prompt = the row's own `incoming` string.
+
+    Provenance is checked via each turn's `role` field (last.get("role") ==
+    "assistant"), NOT the original chat.db `is_from_me` flag, because
+    scripts/extract_imessage_pairs.py's extract_training_pairs() translates
+    is_from_me -> role at export time and does not carry is_from_me itself
+    into the exported JSON (see its `role = "assistant" if ctx["is_from_me"]
+    else "user"` mapping) -- role is the only Seth-authorship signal these
+    export shapes still carry by the time this script reads them.
+    """
+    if "messages" in rec and isinstance(rec.get("metadata"), dict) and "timestamp" in rec["metadata"]:
+        msgs = rec["messages"]
+        last = msgs[-1] if msgs else None
+        if not isinstance(last, dict) or last.get("role") != "assistant":
+            raise ValueError("training_pairs record whose last turn is not the assistant (is_from_me=1) turn")
+        return rec["metadata"]["timestamp"], last.get("content"), msgs[:-1]
+    if "seth_reply" in rec and "timestamp" in rec:
+        return rec["timestamp"], rec["seth_reply"], rec.get("incoming")
+    raise ValueError(
+        "unrecognized export shape (need training_pairs messages/metadata.timestamp "
+        "or ground_truth seth_reply/timestamp); DPO/memory.db rows carry no Seth provenance"
+    )
+
+
+def read_seth_source(path):
+    """Read one Seth-authored export file end to end.
+
+    Returns (rows, n_lines, n_dropped_empty, n_dropped_tapback) where
+    `rows` is list[(datetime, text, prompt)] sorted by time. FATAL (raises
+    SystemExit, nothing written anywhere) on the first row that is not
+    valid JSON or fails extract_seth_record's shape check -- this is the
+    per-row FATAL contract, not a skip.
+    """
+    rows = []
+    n_lines = 0
+    n_dropped_empty = 0
+    n_dropped_tapback = 0
+    with open(path) as fh:
+        for lineno, line in enumerate(fh, 1):
+            line = line.strip()
+            if not line:
+                continue
+            n_lines += 1
+            try:
+                rec = json.loads(line)
+            except json.JSONDecodeError as e:
+                raise SystemExit(f"REFUSING: {path}:{lineno} is not valid JSON ({e}); nothing written")
+            if not isinstance(rec, dict):
+                raise SystemExit(f"REFUSING: {path}:{lineno} is not a JSON object; nothing written")
+            try:
+                ts_str, text, prompt = extract_seth_record(rec)
+            except ValueError as e:
+                raise SystemExit(f"REFUSING: {path}:{lineno} {e}; nothing written")
+            if not text or not text.strip():
+                n_dropped_empty += 1
+                continue
+            text = text.strip()
+            if text.startswith(TAPBACK_PREFIXES):
+                n_dropped_tapback += 1
+                continue
+            try:
+                ts = datetime.datetime.fromisoformat(ts_str)
+            except (TypeError, ValueError) as e:
+                raise SystemExit(f"REFUSING: {path}:{lineno} unparseable timestamp {ts_str!r} ({e}); nothing written")
+            rows.append((ts, text, prompt))
+    rows.sort(key=lambda r: r[0])
+    return rows, n_lines, n_dropped_empty, n_dropped_tapback
+
+
+def merge_seth_sources(primary_rows, extras):
+    """primary_rows: list[(ts,text,prompt)] kept wholesale. extras:
+    list[(label, list[(ts,text,prompt)])]. First-seen-wins by the imported
+    dedup_key(ts, text) -- the SAME algorithm and per-extra stats shape
+    ({"path","rows","added","duplicates"}) as
+    eval_persona_evolution.py:482-499's merge_sources, extended to carry
+    `prompt` through (merge_sources's own 2-tuples would drop it).
+    Returns (merged sorted by time, per-extra stats)."""
+    seen = {dedup_key(ts, t) for ts, t, _p in primary_rows}
+    merged = list(primary_rows)
+    stats = []
+    for label, rows in extras:
+        added = 0
+        for ts, t, p in rows:
+            k = dedup_key(ts, t)
+            if k in seen:
+                continue
+            seen.add(k)
+            merged.append((ts, t, p))
+            added += 1
+        stats.append({"path": label, "rows": len(rows), "added": added, "duplicates": len(rows) - added})
+    merged.sort(key=lambda r: r[0])
+    return merged, stats
+
+
+def read_rejected_pool(path):
+    """Read an existing preference corpus's rejected/label=False side.
+
+    Returns (rows, n_lines, n_skipped) where `rows` is list[(prompt,
+    text)] -- each row's OWN original prompt, kept as-is. Rows without a
+    non-empty `rejected` string are skipped and counted (not fatal: the
+    rejected side carries no Seth-authorship provenance requirement --
+    AC-1.2 only constrains the chosen side). The rejected side is trusted
+    by CONVENTION, not verified: per AC-1.2 / designs/US-1.md §4, a
+    `rejected` field is assumed to be model output (never Seth-authored)
+    because the corpora this script is pointed at (e.g.
+    ~/.human/training-data/glm-v61-pref/train.jsonl) are themselves built
+    with that invariant (scripts/build_v6_preference_corpus.py's own
+    provenance work) -- this function does not and cannot independently
+    re-verify that invariant for an arbitrary --rejected-pool path."""
+    rows = []
+    n_lines = 0
+    n_skipped = 0
+    with open(path) as fh:
+        for lineno, line in enumerate(fh, 1):
+            line = line.strip()
+            if not line:
+                continue
+            n_lines += 1
+            try:
+                rec = json.loads(line)
+            except json.JSONDecodeError as e:
+                raise SystemExit(f"REFUSING: {path}:{lineno} is not valid JSON ({e}); nothing written")
+            if not isinstance(rec, dict):
+                raise SystemExit(f"REFUSING: {path}:{lineno} is not a JSON object; nothing written")
+            rejected = rec.get("rejected")
+            if not isinstance(rejected, str) or not rejected.strip():
+                n_skipped += 1
+                continue
+            rows.append((rec.get("prompt"), rejected.strip()))
+    return rows, n_lines, n_skipped
+
+
+# ---------------------------------------------------------------------------
+# Prompt rendering -- ONE plain-string shape for every row this script
+# writes, regardless of which source shape it came from (see the module
+# docstring's "Prompt type (AC-1.2 follow-up)" section).
+# ---------------------------------------------------------------------------
+
+
+def render_prompt(prompt):
+    """Normalize a prompt value from either accepted export shape (or the
+    --rejected-pool's own `prompt` field) into ONE plain string.
+
+    Accepts:
+      - a plain string (ground_truth shape's `incoming`, or an already
+        string-shaped --rejected-pool prompt) -- returned stripped, as-is;
+      - list[{"role": "user"|"assistant", "content": str}] (training_pairs
+        shape's context turns, extract_seth_record's `msgs[:-1]`) --
+        rendered to match how ~/.human/training-data/glm-v61-pref/train.jsonl
+        already renders multi-turn context: a single turn is left as the
+        bare unprefixed text (that file's single-incoming-message rows,
+        e.g. "I've been feeling really anxious lately"); two or more turns
+        are joined by "\\n" as alternating "Them: "/"Seth: "-prefixed lines
+        (that file's multi-turn rows, e.g. "Them: lmaooo did you even watch
+        that game last night\\nSeth: ha yeah I did..."), role "assistant"
+        (Seth's own prior turns) -> "Seth: ", anything else -> "Them: ";
+      - None or any other value -- coerced to "" (never emits a non-string
+        `prompt`; a missing --rejected-pool prompt must not become a JSON
+        `null` that fails an isinstance(str) check downstream).
+    """
+    if prompt is None:
+        return ""
+    if isinstance(prompt, str):
+        return prompt.strip()
+    if isinstance(prompt, list):
+        if len(prompt) == 0:
+            return ""
+        if len(prompt) == 1:
+            turn = prompt[0]
+            content = turn.get("content") if isinstance(turn, dict) else turn
+            return (content or "").strip()
+        lines = []
+        for turn in prompt:
+            if isinstance(turn, dict):
+                speaker = "Seth" if turn.get("role") == "assistant" else "Them"
+                content = (turn.get("content") or "").strip()
+            else:
+                speaker = "Them"
+                content = str(turn).strip()
+            lines.append(f"{speaker}: {content}")
+        return "\n".join(lines)
+    return str(prompt).strip()
+
+
+# ---------------------------------------------------------------------------
+# Paired-shape assignment -- scripts/mlx_tune_train.py's on-disk validator
+# (REQUIRED_PAIR_KEYS) requires {"prompt","chosen","rejected"} rows; see the
+# module docstring's "WHY BOTH SHAPES" section for why this is a
+# deterministic ASSIGNMENT, not a claim of genuine paired preference.
+# ---------------------------------------------------------------------------
+
+PAIRING_SEED = 20260905  # fixed -- re-running against the same inputs must
+                          # reproduce the identical pairing (US-1 critic fix)
+
+
+def build_paired_rows(chosen_rows, rejected_rows, seed=PAIRING_SEED):
+    """chosen_rows: list[(ts, prompt_str, text)], already time-sorted and
+    prompt-rendered (render_prompt already applied). rejected_rows:
+    list[(prompt_str, text)], the --rejected-pool's own rows, prompt already
+    rendered.
+
+    For each chosen row, prefer a rejected completion whose OWN original
+    prompt exactly equals the chosen row's rendered prompt (round-robin
+    within that prompt's own candidates, so repeats rotate rather than
+    always picking the first); otherwise assign the next completion from a
+    fixed-seed shuffle of the FULL rejected pool, round-robin. Both cursors
+    are deterministic given `seed` and the input order, so re-running this
+    script against unchanged inputs reproduces the identical output file
+    byte-for-byte.
+
+    Returns (paired_rows, stats) where paired_rows is
+    list[{"prompt","chosen","rejected"}] in chosen_rows' order and stats is
+    {"matched_on_prompt": int, "round_robin": int}.
+    """
+    by_prompt = {}
+    for p, t in rejected_rows:
+        by_prompt.setdefault(p, []).append(t)
+
+    rng = random.Random(seed)
+    shuffled_pool = [t for _, t in rejected_rows]
+    rng.shuffle(shuffled_pool)
+
+    prompt_cursor = {p: 0 for p in by_prompt}
+    round_robin_cursor = 0
+    n_matched = 0
+    n_round_robin = 0
+    paired = []
+    for _ts, prompt, chosen_text in chosen_rows:
+        candidates = by_prompt.get(prompt)
+        if candidates:
+            idx = prompt_cursor[prompt] % len(candidates)
+            rejected_text = candidates[idx]
+            prompt_cursor[prompt] += 1
+            n_matched += 1
+        else:
+            rejected_text = shuffled_pool[round_robin_cursor % len(shuffled_pool)]
+            round_robin_cursor += 1
+            n_round_robin += 1
+        paired.append({"prompt": prompt, "chosen": chosen_text, "rejected": rejected_text})
+    return paired, {"matched_on_prompt": n_matched, "round_robin": n_round_robin}
+
+
+def build_parser():
+    ap = argparse.ArgumentParser(
+        description=__doc__, formatter_class=argparse.RawDescriptionHelpFormatter)
+    ap.add_argument("--primary", required=True,
+                    help="best/primary Seth-authored export (kept wholesale)")
+    ap.add_argument("--extra", action="append", default=[],
+                    help="additional Seth-authored export; repeatable, merged in the "
+                         "order given, first-seen wins on dedup collision")
+    ap.add_argument("--rejected-pool", required=True, dest="rejected_pool",
+                    help="existing preference corpus to read ONLY the `rejected` "
+                         "field from (with each row's own prompt); no provenance "
+                         "requirement on this side")
+    ap.add_argument("--out-dir", required=True, dest="out_dir",
+                    help="directory to write train.jsonl + manifest.json into "
+                         "(must be outside the repo -- see AC-1.5)")
+    ap.add_argument("--floor", type=int, default=DEFAULT_FLOOR,
+                    help="refuse if the merged chosen (label=True) pool has fewer "
+                         "rows than this (default: %(default)s)")
+    return ap
+
+
+def main(argv=None):
+    args = build_parser().parse_args(argv)
+
+    for flag, path in (
+        [("--primary", args.primary)]
+        + [("--extra", p) for p in args.extra]
+        + [("--rejected-pool", args.rejected_pool)]
+    ):
+        if not os.path.isfile(path):
+            sys.exit(f"REFUSING: {flag} path not found or not readable: {path}; nothing written")
+
+    primary_rows, primary_n, primary_dropped_empty, primary_dropped_tapback = read_seth_source(args.primary)
+
+    extras = []
+    total_dropped_empty = primary_dropped_empty
+    total_dropped_tapback = primary_dropped_tapback
+    extra_raw_reports = []
+    for p in args.extra:
+        rows, n, de, dtb = read_seth_source(p)
+        extras.append((p, rows))
+        extra_raw_reports.append({"path": p, "rows": n})
+        total_dropped_empty += de
+        total_dropped_tapback += dtb
+
+    merged, extra_stats = merge_seth_sources(primary_rows, extras)
+
+    if len(merged) < args.floor:
+        sys.exit(
+            f"REFUSING: merged chosen (label=True) pool has {len(merged)} rows "
+            f"< --floor {args.floor}; nothing written")
+
+    rejected_rows, rejected_n, rejected_skipped = read_rejected_pool(args.rejected_pool)
+    if not rejected_rows:
+        sys.exit(
+            f"REFUSING: --rejected-pool {args.rejected_pool} has zero rows with a "
+            f"non-empty rejected field; nothing written")
+
+    # Render every prompt to ONE plain-string shape (AC-1.2 follow-up) before
+    # it lands in either output file -- see render_prompt()'s docstring.
+    chosen_for_output = [(ts, render_prompt(prompt), text) for ts, text, prompt in merged]
+    rejected_for_output = [(render_prompt(prompt), text) for prompt, text in rejected_rows]
+
+    kto_rows = []
+    for ts, prompt_str, text in chosen_for_output:
+        kto_rows.append({"prompt": prompt_str, "completion": text, "label": True})
+    for prompt_str, text in rejected_for_output:
+        kto_rows.append({"prompt": prompt_str, "completion": text, "label": False})
+
+    paired_rows, pairing_stats = build_paired_rows(chosen_for_output, rejected_for_output)
+
+    out_dir = os.path.abspath(os.path.expanduser(args.out_dir))
+    os.makedirs(out_dir, exist_ok=True)
+
+    # train.jsonl: PAIRED shape -- what scripts/mlx_tune_train.py's on-disk
+    # validator (REQUIRED_PAIR_KEYS) actually requires. See the module
+    # docstring's "WHY BOTH SHAPES" section.
+    train_path = os.path.join(out_dir, "train.jsonl")
+    with open(train_path, "w") as fh:
+        for r in paired_rows:
+            fh.write(json.dumps(r) + "\n")
+
+    # train.kto.jsonl: the original KTO-shaped output, unchanged in shape --
+    # the format-agnostic record of what was actually merged.
+    kto_path = os.path.join(out_dir, "train.kto.jsonl")
+    with open(kto_path, "w") as fh:
+        for r in kto_rows:
+            fh.write(json.dumps(r) + "\n")
+
+    manifest = {
+        "primary": {"path": args.primary, "rows": primary_n, "kept": len(primary_rows)},
+        "extras": extra_stats,
+        "dropped_empty": total_dropped_empty,
+        "dropped_tapback": total_dropped_tapback,
+        "rejected_pool": {
+            "path": args.rejected_pool,
+            "rows": rejected_n,
+            "kept": len(rejected_rows),
+            "skipped_no_rejected_field": rejected_skipped,
+        },
+        "floor": args.floor,
+        "n_chosen": len(merged),
+        "n_rejected": len(rejected_rows),
+        "n_total": len(kto_rows),
+        "pairing": {
+            "method": "match-on-rendered-prompt-else-fixed-seed-round-robin",
+            "seed": PAIRING_SEED,
+            "matched_on_prompt": pairing_stats["matched_on_prompt"],
+            "round_robin": pairing_stats["round_robin"],
+            "n_paired_rows": len(paired_rows),
+        },
+        "out_dir": out_dir,
+        "train_path": train_path,
+        "kto_path": kto_path,
+    }
+    manifest_path = os.path.join(out_dir, "manifest.json")
+    with open(manifest_path, "w") as fh:
+        json.dump(manifest, fh, indent=2)
+
+    print("=" * 70)
+    print(f"[merge] primary {args.primary}: {primary_n} rows read, {len(primary_rows)} kept "
+          f"(after empty/tapback filtering)")
+    for st in extra_stats:
+        print(f"[merge] extra   {st['path']}: {st['rows']} rows read, "
+              f"added {st['added']}, duplicates {st['duplicates']}")
+    print(f"[merge] dropped_empty={total_dropped_empty} dropped_tapback={total_dropped_tapback}")
+    print(f"[merge] rejected_pool {args.rejected_pool}: {rejected_n} rows read, "
+          f"{len(rejected_rows)} kept, {rejected_skipped} skipped (no rejected field)")
+    print(f"[merge] n_chosen(label=True)={len(merged)} n_rejected(label=False)={len(rejected_rows)} "
+          f"n_total={len(kto_rows)}")
+    print(f"[merge] pairing: matched_on_prompt={pairing_stats['matched_on_prompt']} "
+          f"round_robin={pairing_stats['round_robin']} (seed={PAIRING_SEED})")
+    print(f"[merge] wrote {train_path} (paired shape)")
+    print(f"[merge] wrote {kto_path} (KTO shape)")
+    print(f"[merge] wrote {manifest_path}")
+    print("=" * 70)
+    return 0
+
+
+if __name__ == "__main__":
+    sys.exit(main())
diff --git a/scripts/test_merge_seth_preference_sources.py b/scripts/test_merge_seth_preference_sources.py
new file mode 100644
index 000000000..6792be8ba
--- /dev/null
+++ b/scripts/test_merge_seth_preference_sources.py
@@ -0,0 +1,547 @@
+"""Tests for scripts/merge_seth_preference_sources.py — synthetic fixtures
+only, no chat.db, no real ~/.human paths, no message text from any real
+person. Covers: the two accepted Seth-authored export shapes, the FATAL
+per-row provenance check (AC-1.2), de-dup at second precision, tapback/empty
+filtering, the --floor and empty-rejected-pool refusals, privacy of the
+manifest (AC-1.5), prompt-type normalization (every emitted `prompt` is a
+plain string), and end-to-end compatibility with BOTH
+scripts/rebalance_preference_corpus.py's KTO/paired-shape contract AND
+scripts/mlx_tune_train.py's on-disk paired-shape validator (the critic
+finding this file's newer tests pin: train.jsonl must be the PAIRED shape
+the trainer actually reads, not the KTO shape alone).
+
+    python3 -m pytest scripts/test_merge_seth_preference_sources.py -v
+"""
+import contextlib
+import io
+import json
+import os
+import subprocess
+import sys
+import tempfile
+
+HERE = os.path.dirname(os.path.abspath(__file__))
+SCRIPT = os.path.join(HERE, "merge_seth_preference_sources.py")
+sys.path.insert(0, HERE)
+
+import rebalance_preference_corpus as rbc  # noqa: E402
+
+
+def _run(args):
+    return subprocess.run(
+        [sys.executable, SCRIPT] + args,
+        capture_output=True, text=True, timeout=30,
+    )
+
+
+def _write_jsonl(path, rows):
+    with open(path, "w") as fh:
+        for r in rows:
+            fh.write(json.dumps(r) + "\n")
+
+
+def _tp_row(ts, text, context=None):
+    """One synthetic training_pairs-shaped row."""
+    context = context or [{"role": "user", "content": "hey what's up"}]
+    return {
+        "messages": context + [{"role": "assistant", "content": text}],
+        "metadata": {"chat_id": "c1", "timestamp": ts, "reply_length": len(text)},
+    }
+
+
+def _gt_row(ts, text, incoming="hey what's up"):
+    """One synthetic ground_truth-shaped row."""
+    return {
+        "incoming": incoming,
+        "seth_reply": text,
+        "context_turns": [],
+        "delay_seconds": 12.0,
+        "chat_id": "c1",
+        "timestamp": ts,
+        "hour_of_day": 10,
+        "day_of_week": 2,
+    }
+
+
+def _daemon_row(prompt="hey", chosen="ok", rejected="I would be happy to help with that."):
+    """One synthetic memory.db/dpo_pairs-shaped row — no messages/metadata
+    or seth_reply/timestamp, so extract_seth_record must reject it."""
+    return {"prompt": prompt, "chosen": chosen, "rejected": rejected, "source": "outbound_edit"}
+
+
+def _pref_row(prompt, chosen, rejected):
+    return {"prompt": prompt, "chosen": chosen, "rejected": rejected}
+
+
+def _validate_via_mlx_tune_train(data_dir):
+    """Validate a merge output's train.jsonl using scripts/mlx_tune_train.py's
+    OWN on-disk validator (validate_data_dir/_count_and_validate_jsonl,
+    REQUIRED_PAIR_KEYS = ("prompt","chosen","rejected")), not a copy of its
+    logic -- this is the point of the test that calls this helper (US-1
+    critic finding: prove the ACTUAL trainer accepts the file).
+
+    mlx_tune_train.py's own module-level imports are verified stdlib +
+    PyYAML only (argparse/json/os/shutil/sys/pathlib/yaml -- no mlx, no
+    torch; see that file's own NO-GO comment for why: the real, weight-
+    loading path is gated behind HU_MLX_TUNE_ALLOW_LOAD and only reachable
+    through functions this helper never calls), so importing it does not
+    load any model. The one risk is PyYAML itself: this test file's CI job
+    (.github/workflows/ci.yml capability-gate-check) runs `python3` with NO
+    pip-install step, i.e. is meant to be stdlib-only, and doesn't
+    guarantee PyYAML is present. If the import fails FOR THAT REASON ONLY,
+    fall back to reimplementing the exact same key check (mirroring
+    mlx_tune_train.py's REQUIRED_PAIR_KEYS + _count_and_validate_jsonl,
+    cited above) so the test still pins the real contract rather than
+    skipping silently; any other ImportError is a genuine bug and re-raised.
+    """
+    try:
+        import mlx_tune_train
+        return mlx_tune_train.validate_data_dir(data_dir)
+    except ImportError as e:
+        if "yaml" not in str(e).lower():
+            raise
+        required_keys = ("prompt", "chosen", "rejected")  # mlx_tune_train.py REQUIRED_PAIR_KEYS
+        path = os.path.join(data_dir, "train.jsonl")
+        count = 0
+        bad_line_total = 0
+        with open(path) as fh:
+            for line in fh:
+                line = line.strip()
+                if not line:
+                    continue
+                count += 1
+                obj = json.loads(line)
+                if [k for k in required_keys if k not in obj]:
+                    bad_line_total += 1
+        return {
+            "train": {"exists": True, "count": count, "bad_line_total": bad_line_total},
+            "ok": count > 0 and bad_line_total == 0,
+        }
+
+
+def _floor_free_env(d, n_chosen=5, floor=1):
+    """Write a minimal primary + rejected-pool pair and return the CLI args
+    needed to run the merge successfully, with --floor low enough not to
+    interfere with the test's own assertion."""
+    primary = os.path.join(d, "primary.jsonl")
+    rejected_pool = os.path.join(d, "rejected_pool.jsonl")
+    _write_jsonl(primary, [
+        _tp_row(f"2026-06-01T10:00:0{i}", f"seth reply number {i}") for i in range(n_chosen)
+    ])
+    _write_jsonl(rejected_pool, [
+        _pref_row(f"ctx {i}", "chosen placeholder", "I would be happy to help with that.")
+        for i in range(3)
+    ])
+    return primary, rejected_pool
+
+
+# --------------------------------------------------------------------------
+# 1/2: the two accepted Seth-authored shapes, non-vacuous content assertions
+# --------------------------------------------------------------------------
+
+def test_training_pairs_shape_parses_and_extracts_assistant_turn():
+    d = tempfile.mkdtemp()
+    primary = os.path.join(d, "primary.jsonl")
+    _, rejected_pool = _floor_free_env(d, n_chosen=0)
+    known_text = "yeah I will be there at seven sharp"
+    _write_jsonl(primary, [_tp_row("2026-06-01T10:00:00", known_text)])
+    out_dir = os.path.join(d, "out")
+    r = _run(["--primary", primary, "--rejected-pool", rejected_pool,
+              "--out-dir", out_dir, "--floor", "1"])
+    assert r.returncode == 0, r.stdout + r.stderr
+    # train.kto.jsonl carries the KTO shape (prompt/completion/label) this
+    # assertion needs; train.jsonl (checked elsewhere) is the paired shape.
+    rows = [json.loads(line) for line in open(os.path.join(out_dir, "train.kto.jsonl"))]
+    chosen = [r_ for r_ in rows if r_["label"] is True]
+    assert len(chosen) == 1
+    assert chosen[0]["completion"] == known_text
+    assert isinstance(chosen[0]["prompt"], str)
+
+
+def test_ground_truth_shape_parses():
+    d = tempfile.mkdtemp()
+    primary = os.path.join(d, "primary.jsonl")
+    _, rejected_pool = _floor_free_env(d, n_chosen=0)
+    known_text = "sounds good see you then"
+    _write_jsonl(primary, [_gt_row("2026-06-01T10:00:00", known_text)])
+    out_dir = os.path.join(d, "out")
+    r = _run(["--primary", primary, "--rejected-pool", rejected_pool,
+              "--out-dir", out_dir, "--floor", "1"])
+    assert r.returncode == 0, r.stdout + r.stderr
+    rows = [json.loads(line) for line in open(os.path.join(out_dir, "train.kto.jsonl"))]
+    chosen = [r_ for r_ in rows if r_["label"] is True]
+    assert len(chosen) == 1
+    assert chosen[0]["completion"] == known_text
+    assert isinstance(chosen[0]["prompt"], str)
+
+
+# --------------------------------------------------------------------------
+# 3: AC-1.2 FATAL per-row admission check
+# --------------------------------------------------------------------------
+
+def test_daemon_shaped_row_is_fatal():
+    d = tempfile.mkdtemp()
+    primary = os.path.join(d, "primary.jsonl")
+    _, rejected_pool = _floor_free_env(d, n_chosen=0)
+    _write_jsonl(primary, [
+        _tp_row("2026-06-01T10:00:00", "a real seth text"),
+        _daemon_row(),  # no messages/metadata.timestamp, no seth_reply/timestamp
+    ])
+    out_dir = os.path.join(d, "out")
+    r = _run(["--primary", primary, "--rejected-pool", rejected_pool,
+              "--out-dir", out_dir, "--floor", "1"])
+    assert r.returncode != 0
+    combined = r.stdout + r.stderr
+    assert "REFUSING" in combined
+    assert not os.path.exists(out_dir)
+
+
+# --------------------------------------------------------------------------
+# 4/5: de-dup at exactly second precision
+# --------------------------------------------------------------------------
+
+def test_dedup_key_collision_across_two_sources_drops_the_duplicate():
+    d = tempfile.mkdtemp()
+    primary = os.path.join(d, "primary.jsonl")
+    extra = os.path.join(d, "extra.jsonl")
+    _, rejected_pool = _floor_free_env(d, n_chosen=0)
+    shared_text = "same exact text same exact second"
+    _write_jsonl(primary, [_tp_row("2026-06-01T10:00:00", shared_text)])
+    _write_jsonl(extra, [_tp_row("2026-06-01T10:00:00", shared_text)])
+    out_dir = os.path.join(d, "out")
+    r = _run(["--primary", primary, "--extra", extra, "--rejected-pool", rejected_pool,
+              "--out-dir", out_dir, "--floor", "1"])
+    assert r.returncode == 0, r.stdout + r.stderr
+    rows = [json.loads(line) for line in open(os.path.join(out_dir, "train.kto.jsonl"))]
+    chosen = [r_ for r_ in rows if r_["label"] is True]
+    assert len(chosen) == 1
+    manifest = json.load(open(os.path.join(out_dir, "manifest.json")))
+    assert len(manifest["extras"]) == 1
+    assert manifest["extras"][0]["duplicates"] == 1
+    assert manifest["extras"][0]["added"] == 0
+
+
+def test_dedup_key_near_miss_is_not_deduped():
+    d = tempfile.mkdtemp()
+    primary = os.path.join(d, "primary.jsonl")
+    extra = os.path.join(d, "extra.jsonl")
+    _, rejected_pool = _floor_free_env(d, n_chosen=0)
+    same_text = "same text different second"
+    _write_jsonl(primary, [_tp_row("2026-06-01T10:00:00", same_text)])
+    _write_jsonl(extra, [_tp_row("2026-06-01T10:00:02", same_text)])
+    out_dir = os.path.join(d, "out")
+    r = _run(["--primary", primary, "--extra", extra, "--rejected-pool", rejected_pool,
+              "--out-dir", out_dir, "--floor", "1"])
+    assert r.returncode == 0, r.stdout + r.stderr
+    rows = [json.loads(line) for line in open(os.path.join(out_dir, "train.kto.jsonl"))]
+    chosen = [r_ for r_ in rows if r_["label"] is True]
+    assert len(chosen) == 2
+    manifest = json.load(open(os.path.join(out_dir, "manifest.json")))
+    assert manifest["extras"][0]["duplicates"] == 0
+    assert manifest["extras"][0]["added"] == 1
+
+
+# --------------------------------------------------------------------------
+# 6/7: refusal floors
+# --------------------------------------------------------------------------
+
+def test_rejected_pool_empty_is_fatal():
+    d = tempfile.mkdtemp()
+    primary, _ = _floor_free_env(d, n_chosen=5)
+    empty_rejected_pool = os.path.join(d, "empty_rejected.jsonl")
+    open(empty_rejected_pool, "w").close()
+    out_dir = os.path.join(d, "out")
+    r = _run(["--primary", primary, "--rejected-pool", empty_rejected_pool,
+              "--out-dir", out_dir, "--floor", "1"])
+    assert r.returncode != 0
+    assert "REFUSING" in (r.stdout + r.stderr)
+    assert not os.path.exists(out_dir)
+
+
+def test_rejected_pool_all_rows_missing_rejected_field_is_fatal():
+    d = tempfile.mkdtemp()
+    primary, _ = _floor_free_env(d, n_chosen=5)
+    rejected_pool = os.path.join(d, "rejected_pool.jsonl")
+    # every row lacks a `rejected` field entirely
+    _write_jsonl(rejected_pool, [{"prompt": "ctx", "chosen": "ok"}])
+    out_dir = os.path.join(d, "out")
+    r = _run(["--primary", primary, "--rejected-pool", rejected_pool,
+              "--out-dir", out_dir, "--floor", "1"])
+    assert r.returncode != 0
+    assert "REFUSING" in (r.stdout + r.stderr)
+    assert not os.path.exists(out_dir)
+
+
+def test_below_floor_is_fatal():
+    d = tempfile.mkdtemp()
+    primary = os.path.join(d, "primary.jsonl")
+    _, rejected_pool = _floor_free_env(d, n_chosen=0)
+    _write_jsonl(primary, [_tp_row(f"2026-06-01T10:00:0{i}", f"reply {i}") for i in range(3)])
+    out_dir = os.path.join(d, "out")
+    r = _run(["--primary", primary, "--rejected-pool", rejected_pool,
+              "--out-dir", out_dir, "--floor", "500"])
+    assert r.returncode != 0
+    combined = r.stdout + r.stderr
+    assert "REFUSING" in combined
+    assert "3" in combined and "500" in combined
+    assert not os.path.exists(out_dir)
+
+
+# --------------------------------------------------------------------------
+# 9: no raw text in manifest.json
+# --------------------------------------------------------------------------
+
+def test_no_raw_text_in_manifest():
+    d = tempfile.mkdtemp()
+    primary = os.path.join(d, "primary.jsonl")
+    _, rejected_pool = _floor_free_env(d, n_chosen=0)
+    secret_chosen_text = "the super secret seth message contents xyzzy12345"
+    secret_rejected_text = "the super secret rejected message contents plugh98765"
+    _write_jsonl(primary, [_tp_row("2026-06-01T10:00:00", secret_chosen_text)])
+    _write_jsonl(rejected_pool, [_pref_row("ctx 0", "chosen placeholder", secret_rejected_text)])
+    out_dir = os.path.join(d, "out")
+    r = _run(["--primary", primary, "--rejected-pool", rejected_pool,
+              "--out-dir", out_dir, "--floor", "1"])
+    assert r.returncode == 0, r.stdout + r.stderr
+    manifest_raw = open(os.path.join(out_dir, "manifest.json")).read()
+    assert secret_chosen_text not in manifest_raw
+    assert secret_rejected_text not in manifest_raw
+    # stdout must not leak it either
+    assert secret_chosen_text not in r.stdout
+    assert secret_rejected_text not in r.stdout
+
+
+# --------------------------------------------------------------------------
+# 10: tapback + empty rows dropped, and counted separately from duplicates
+# --------------------------------------------------------------------------
+
+def test_tapback_and_empty_rows_are_dropped_not_counted_as_duplicates():
+    d = tempfile.mkdtemp()
+    primary = os.path.join(d, "primary.jsonl")
+    _, rejected_pool = _floor_free_env(d, n_chosen=0)
+    from eval_persona_evolution import TAPBACK_PREFIXES
+    tapback_text = TAPBACK_PREFIXES[0] + 'nice one”'
+    _write_jsonl(primary, [
+        _tp_row("2026-06-01T10:00:00", "a genuine seth reply"),
+        _tp_row("2026-06-01T10:00:01", tapback_text),
+        _tp_row("2026-06-01T10:00:02", "   "),  # whitespace-only -> dropped as empty
+    ])
+    out_dir = os.path.join(d, "out")
+    r = _run(["--primary", primary, "--rejected-pool", rejected_pool,
+              "--out-dir", out_dir, "--floor", "1"])
+    assert r.returncode == 0, r.stdout + r.stderr
+    rows = [json.loads(line) for line in open(os.path.join(out_dir, "train.kto.jsonl"))]
+    chosen = [r_ for r_ in rows if r_["label"] is True]
+    assert len(chosen) == 1
+    for r_ in chosen:
+        assert tapback_text not in r_["completion"]
+    manifest = json.load(open(os.path.join(out_dir, "manifest.json")))
+    assert manifest["dropped_tapback"] == 1
+    assert manifest["dropped_empty"] == 1
+    # dropped rows must not be reported as "duplicates" -- distinct buckets
+    assert manifest["extras"] == []
+
+
+# --------------------------------------------------------------------------
+# 8/11: end-to-end -- BOTH output shapes are valid for their respective
+# downstream consumers (rebalance_preference_corpus.py accepts either shape
+# per-row auto-detected; mlx_tune_train.py's on-disk validator requires the
+# paired shape specifically -- train.jsonl, not train.kto.jsonl).
+# --------------------------------------------------------------------------
+
+def _write_40x40_fixture(d):
+    primary = os.path.join(d, "primary.jsonl")
+    rejected_pool = os.path.join(d, "rejected_pool.jsonl")
+    # 40 lowercase-start chosen rows (so rebalance has real casing signal),
+    # 40 rejected rows with their own prompts.
+    _write_jsonl(primary, [
+        _tp_row(f"2026-06-01T10:{i:02d}:00", f"yeah reply number {i} here we go")
+        for i in range(40)
+    ])
+    _write_jsonl(rejected_pool, [
+        _pref_row(f"ctx {i}", "unused chosen placeholder",
+                  f"I would be happy to help with request number {i}.")
+        for i in range(40)
+    ])
+    return primary, rejected_pool
+
+
+def test_paired_train_jsonl_is_valid_shape_for_rebalance_script():
+    d = tempfile.mkdtemp()
+    primary, rejected_pool = _write_40x40_fixture(d)
+    out_dir = os.path.join(d, "out")
+    r = _run(["--primary", primary, "--rejected-pool", rejected_pool,
+              "--out-dir", out_dir, "--floor", "1"])
+    assert r.returncode == 0, r.stdout + r.stderr
+    merged_train = os.path.join(out_dir, "train.jsonl")  # PAIRED shape
+
+    style_card = os.path.join(d, "style-card.json")
+    json.dump({"axes": {
+        "lowercase_start_rate": {"value": 0.08},
+        "no_terminal_punct_rate": {"value": 0.8},
+    }}, open(style_card, "w"))
+
+    rebalanced_out = os.path.join(d, "rebalanced.jsonl")
+    # rbc.main() prints its report via plain print() -- captured manually
+    # (not via a pytest fixture) so this test collects and runs identically
+    # whether invoked through pytest or the stdlib runner below.
+    buf = io.StringIO()
+    with contextlib.redirect_stdout(buf):
+        rc = rbc.main([
+            "--input", merged_train, "--output", rebalanced_out,
+            "--style-card", style_card, "--dry-run",
+        ])
+    out = buf.getvalue()
+    assert rc == 0, out
+    assert "REFUSING" not in out
+
+
+def test_kto_train_jsonl_is_still_valid_shape_for_rebalance_script():
+    """train.kto.jsonl must keep working with rebalance_preference_corpus.py
+    too -- the paired train.jsonl addition (US-1 critic fix) must not have
+    broken the original KTO-shape contract this script's design settled on."""
+    d = tempfile.mkdtemp()
+    primary, rejected_pool = _write_40x40_fixture(d)
+    out_dir = os.path.join(d, "out")
+    r = _run(["--primary", primary, "--rejected-pool", rejected_pool,
+              "--out-dir", out_dir, "--floor", "1"])
+    assert r.returncode == 0, r.stdout + r.stderr
+    merged_kto = os.path.join(out_dir, "train.kto.jsonl")
+
+    style_card = os.path.join(d, "style-card.json")
+    json.dump({"axes": {
+        "lowercase_start_rate": {"value": 0.08},
+        "no_terminal_punct_rate": {"value": 0.8},
+    }}, open(style_card, "w"))
+
+    rebalanced_out = os.path.join(d, "rebalanced-kto.jsonl")
+    buf = io.StringIO()
+    with contextlib.redirect_stdout(buf):
+        rc = rbc.main([
+            "--input", merged_kto, "--output", rebalanced_out,
+            "--style-card", style_card, "--dry-run",
+        ])
+    out = buf.getvalue()
+    assert rc == 0, out
+    assert "REFUSING" not in out
+
+
+def test_produced_train_jsonl_passes_mlx_tune_train_validator():
+    """HIGH critic finding: scripts/mlx_tune_train.py's on-disk validator
+    (REQUIRED_PAIR_KEYS = ("prompt","chosen","rejected"),
+    validate_data_dir/_count_and_validate_jsonl, mlx_tune_train.py
+    ~lines 220-256) is what the nightly candidate stage actually reads.
+    This runs that REAL validator (see _validate_via_mlx_tune_train) against
+    train.jsonl and asserts every row is accepted -- not just that the two
+    scripts agree on a schema diagram."""
+    d = tempfile.mkdtemp()
+    # _floor_free_env's timestamp format (f"...:0{i}") is single-digit-safe
+    # only -- n_chosen=9 stays within that (see its own docstring/usage
+    # elsewhere in this file for the same convention).
+    primary, rejected_pool = _floor_free_env(d, n_chosen=9)
+    out_dir = os.path.join(d, "out")
+    r = _run(["--primary", primary, "--rejected-pool", rejected_pool,
+              "--out-dir", out_dir, "--floor", "1"])
+    assert r.returncode == 0, r.stdout + r.stderr
+    report = _validate_via_mlx_tune_train(out_dir)
+    assert report["train"]["count"] == 9, report
+    assert report["train"]["bad_line_total"] == 0, report
+    assert report["ok"] is True, report
+
+
+def test_kto_train_jsonl_would_fail_the_same_validator():
+    """Non-vacuous control for the test above: train.kto.jsonl (lacking
+    "chosen"/"rejected" keys) MUST be rejected by the same validator, proving
+    the previous test's PASS is discriminating on shape, not vacuously
+    true for any file mlx_tune_train.py is pointed at."""
+    d = tempfile.mkdtemp()
+    primary, rejected_pool = _floor_free_env(d, n_chosen=5)
+    out_dir = os.path.join(d, "out")
+    r = _run(["--primary", primary, "--rejected-pool", rejected_pool,
+              "--out-dir", out_dir, "--floor", "1"])
+    assert r.returncode == 0, r.stdout + r.stderr
+    kto_as_train_dir = os.path.join(d, "kto_as_train")
+    os.makedirs(kto_as_train_dir)
+    # Point the validator at the KTO file under the name it looks for.
+    with open(os.path.join(out_dir, "train.kto.jsonl")) as src, \
+            open(os.path.join(kto_as_train_dir, "train.jsonl"), "w") as dst:
+        dst.write(src.read())
+    report = _validate_via_mlx_tune_train(kto_as_train_dir)
+    assert report["train"]["bad_line_total"] > 0, report
+    assert report["ok"] is False, report
+
+
+# --------------------------------------------------------------------------
+# 12: prompt-type normalization (AC-1.2 follow-up) -- every emitted `prompt`
+# is a plain string in BOTH output files, regardless of source shape.
+# --------------------------------------------------------------------------
+
+def test_every_emitted_prompt_is_a_plain_string_in_both_files():
+    d = tempfile.mkdtemp()
+    primary = os.path.join(d, "primary.jsonl")
+    rejected_pool = os.path.join(d, "rejected_pool.jsonl")
+    # training_pairs shape yields a list[{"role","content"}] prompt;
+    # ground_truth shape yields a plain string prompt -- mix both so the
+    # normalization is exercised on both source types in one run.
+    _write_jsonl(primary, [
+        _tp_row("2026-06-01T10:00:00", "multi turn reply here",
+                context=[{"role": "user", "content": "yo"},
+                         {"role": "assistant", "content": "hey"},
+                         {"role": "user", "content": "you around"}]),
+        _tp_row("2026-06-01T10:00:01", "single turn reply"),
+        _gt_row("2026-06-01T10:00:02", "ground truth reply", incoming="what's good"),
+    ])
+    _write_jsonl(rejected_pool, [
+        _pref_row("some rejected-pool prompt", "unused", "a rejected completion"),
+    ])
+    out_dir = os.path.join(d, "out")
+    r = _run(["--primary", primary, "--rejected-pool", rejected_pool,
+              "--out-dir", out_dir, "--floor", "1"])
+    assert r.returncode == 0, r.stdout + r.stderr
+
+    kto_rows = [json.loads(line) for line in open(os.path.join(out_dir, "train.kto.jsonl"))]
+    paired_rows = [json.loads(line) for line in open(os.path.join(out_dir, "train.jsonl"))]
+    assert len(kto_rows) >= 4  # 3 chosen + >=1 rejected
+    assert len(paired_rows) == 3  # one paired row per chosen row
+    for row in kto_rows:
+        assert isinstance(row["prompt"], str), row
+    for row in paired_rows:
+        assert isinstance(row["prompt"], str), row
+
+    # The multi-turn training_pairs row renders as alternating Them:/Seth:
+    # lines (matching ~/.human/training-data/glm-v61-pref/train.jsonl's own
+    # multi-turn convention), not a stringified list.
+    multi_turn_chosen = [r_ for r_ in kto_rows if r_.get("completion") == "multi turn reply here"]
+    assert len(multi_turn_chosen) == 1
+    assert multi_turn_chosen[0]["prompt"] == "Them: yo\nSeth: hey\nThem: you around"
+
+    # The single-turn training_pairs row renders as the bare unprefixed text.
+    single_turn_chosen = [r_ for r_ in kto_rows if r_.get("completion") == "single turn reply"]
+    assert len(single_turn_chosen) == 1
+    assert single_turn_chosen[0]["prompt"] == "hey what's up"
+
+    # The ground_truth row's `incoming` string passes through unchanged.
+    gt_chosen = [r_ for r_ in kto_rows if r_.get("completion") == "ground truth reply"]
+    assert len(gt_chosen) == 1
+    assert gt_chosen[0]["prompt"] == "what's good"
+
+
+def _run_all():
+    """Stdlib-only runner (no pytest dependency) so this file also passes
+    when invoked directly, matching this repo's other capability-gate-check
+    test scripts (e.g. scripts/test_check_capability_gates.py's _run())."""
+    fns = [v for k, v in sorted(globals().items()) if k.startswith("test_")]
+    failed = 0
+    for fn in fns:
+        try:
+            fn()
+            print(f"PASS {fn.__name__}")
+        except Exception as e:  # noqa: BLE001 -- test runner, report and continue
+            failed += 1
+            print(f"FAIL {fn.__name__}: {e}")
+    print(f"\n{len(fns) - failed}/{len(fns)} passed")
+    return 1 if failed else 0
+
+
+if __name__ == "__main__":
+    sys.exit(_run_all())
diff --git a/sprints/sprint-better-than-human-2026-09-05/evidence/us1-merge-manifest.json b/sprints/sprint-better-than-human-2026-09-05/evidence/us1-merge-manifest.json
new file mode 100644
index 000000000..fd769d097
--- /dev/null
+++ b/sprints/sprint-better-than-human-2026-09-05/evidence/us1-merge-manifest.json
@@ -0,0 +1,43 @@
+{
+  "primary": {
+    "path": "/Users/sethford/Projects/h-uman/data/imessage/training_pairs.jsonl",
+    "rows": 1303,
+    "kept": 1303
+  },
+  "extras": [
+    {
+      "path": "/Users/sethford/.human/logs/eval-archive/imessage-corpus-backup-20260725-113543/training_pairs.jsonl",
+      "rows": 1302,
+      "added": 59,
+      "duplicates": 1243
+    },
+    {
+      "path": "/Users/sethford/.human/logs/eval-archive/ground_truth-backup-20260725-113527.jsonl",
+      "rows": 690,
+      "added": 0,
+      "duplicates": 690
+    }
+  ],
+  "dropped_empty": 0,
+  "dropped_tapback": 0,
+  "rejected_pool": {
+    "path": "/Users/sethford/.human/training-data/glm-v61-pref/train.jsonl",
+    "rows": 426,
+    "kept": 426,
+    "skipped_no_rejected_field": 0
+  },
+  "floor": 500,
+  "n_chosen": 1362,
+  "n_rejected": 426,
+  "n_total": 1788,
+  "pairing": {
+    "method": "match-on-rendered-prompt-else-fixed-seed-round-robin",
+    "seed": 20260905,
+    "matched_on_prompt": 7,
+    "round_robin": 1355,
+    "n_paired_rows": 1362
+  },
+  "out_dir": "/Users/sethford/.human/training-data/glm-v6-merged-20260905",
+  "train_path": "/Users/sethford/.human/training-data/glm-v6-merged-20260905/train.jsonl",
+  "kto_path": "/Users/sethford/.human/training-data/glm-v6-merged-20260905/train.kto.jsonl"
+}
\ No newline at end of file
diff --git a/sprints/sprint-better-than-human-2026-09-05/evidence/us1-rebalance-stats.json b/sprints/sprint-better-than-human-2026-09-05/evidence/us1-rebalance-stats.json
new file mode 100644
index 000000000..0aa327b7a
--- /dev/null
+++ b/sprints/sprint-better-than-human-2026-09-05/evidence/us1-rebalance-stats.json
@@ -0,0 +1,73 @@
+{
+  "input": "/Users/sethford/.human/training-data/glm-v6-merged-20260905/train.jsonl",
+  "output": "/Users/sethford/.human/training-data/glm-v6-merged-20260905/train.rebalanced.jsonl",
+  "seed": 42,
+  "match_sides": true,
+  "targets": {
+    "lowercase_start_rate": 0.0861878453038674,
+    "terminal_punct_rate": 0.183214
+  },
+  "target_provenance": {
+    "lowercase_start": "style_card:axes.lowercase_start_rate.value=0.0862 (/Users/sethford/.human/personas/seth.style-card.json)",
+    "terminal_punct": "style_card:1-axes.no_terminal_punct_rate.value=0.1832 (/Users/sethford/.human/personas/seth.style-card.json)"
+  },
+  "max_lowercase_margin": 0.15,
+  "max_margin": 0.1,
+  "n_rows": 1362,
+  "n_chosen": 1362,
+  "n_rejected": 1362,
+  "axis_resampling": {
+    "chosen": {
+      "lowercase_start": {
+        "before": 0.1481,
+        "after": 0.0893,
+        "changed": 83,
+        "n": 1344
+      },
+      "terminal_punct": {
+        "before": 0.2137,
+        "after": 0.1836,
+        "changed": 41,
+        "n": 1362
+      }
+    },
+    "rejected": {
+      "lowercase_start": {
+        "before": 0.1762,
+        "after": 0.0859,
+        "changed": 123,
+        "n": 1362
+      },
+      "terminal_punct": {
+        "before": 0.5007,
+        "after": 0.1836,
+        "changed": 432,
+        "n": 1362
+      }
+    }
+  },
+  "stats": {
+    "lowercase_start_rate": {
+      "chosen_before": 0.1481,
+      "chosen_after": 0.0893,
+      "rejected_before": 0.1762,
+      "rejected_after": 0.0859,
+      "margin_before": 0.0281,
+      "margin_after": 0.0034
+    },
+    "terminal_punct_rate": {
+      "chosen_before": 0.2137,
+      "chosen_after": 0.1836,
+      "rejected_before": 0.5007,
+      "rejected_after": 0.1836,
+      "margin_before": 0.2871,
+      "margin_after": 0.0
+    },
+    "median_length": {
+      "chosen_before": 27.0,
+      "chosen_after": 27.0,
+      "rejected_before": 112.0,
+      "rejected_after": 111.5
+    }
+  }
+}
\ No newline at end of file — files scripts/merge_seth_preference_sources.py (new), scripts/test_merge_seth_preference_sources.py (new), .github/workflows/ci.yml (one step), sprints/sprint-better-than-human-2026-09-05/evidence/us1-merge-manifest.json and us1-rebalance-stats.json. Contract: sprints/sprint-better-than-human-2026-09-05/stories.md section US-1 and designs/US-1.md in that worktree. Rules: read-only; ABSOLUTE paths; never read files under ~/.human/training-data/ beyond listing names and the manifest; never open chat.db; never load a model or import mlx; never touch port 8741; no message text/phones/names in your output. Judge: contract (three sources merged with per-row provenance via the role field; KTO file plus paired train.jsonl accepted by scripts/mlx_tune_train.py's validate_data_dir; refusal before any write; rebalance --match-sides); edge cases (empty source, all-duplicate extras, rejected pool of 426 reused ~3.2x over 1362 chosen, empty pool, malformed lines, multi-turn prompt rendering); privacy (any path that could emit text into repo files/logs); regressions (ci.yml job placement; consumers of build_v6_preference_corpus.py / rebalance_preference_corpus.py); maintainability. aspects=['correctness', 'edge-case', 'security', 'regression', 'style']
